425 actions · 33 captions · total 81.0s
  ('vo1', 0.0, 0.36, 'Good evening.')
  ('vo1', 0.8, 1.92, 'This is Global Observer.')
  ('vo1', 2.7, 4.06, 'The Ebola outbreak in the')
  ('vo1', 4.06, 5.38, 'Democratic Republic of')
  ('vo1', 5.38, 6.92, 'the Congo has now passed')
  ('vo1', 6.92, 10.42, '7,700 confirmed cases.')
  ('vo2', 0.0, 1.34, "The country's health ministry")
  ('vo2', 1.34, 5.78, 'reports 7,773 confirmed cases')
  ('vo2', 5.78, 10.4, 'and 3,759 deaths with data')
  ('vo2', 10.4, 12.1, 'up to the 21st of September.')
  ('vo3', 0.0, 2.08, 'That is about 1,000 more confirmed')
  ('vo3', 2.08, 3.9, 'cases than two weeks earlier.')
  ('vo4', 0.0, 2.38, 'The virus has now been confirmed in 63')
  ('vo4', 2.38, 4.86, 'health zones across seven provinces.')
  ('vo4', 5.74, 7.36, 'Ituri remains the hardest hit.')
  ('vo4', 8.1, 9.84, 'The latest province, Sud-Ubangi,')
  ('vo4', 9.98, 11.26, 'lies in the far northwest')
  ('vo4', 11.26, 12.82, 'on the border with the')
  ('vo4', 12.82, 14.2, 'Central African Republic.')
  ('vo5', 0.0, 1.66, 'There is no approved vaccine or')
  ('vo5', 1.66, 3.8, 'treatment for this strain, Bundibugyo.')
  ('vo5', 4.22, 5.7, 'A vaccine developed for a')
  ('vo5', 5.7, 7.56, 'related strain is being tested.')
  ('vo5', 8.44, 9.96, 'The World Health Organization says')
  ('vo5', 9.96, 12.2, 'about 2,000 people have received it.')
  ('vo6', 0.0, 1.78, 'The WHO rates the risk')
  ('vo6', 1.78, 3.16, 'as very high in Congo,')
  ('vo6', 3.8, 4.48, 'high for neighbouring')
  ('vo6', 4.48, 6.44, 'countries and low globally.')
  ('vo7', 0.0, 0.58, 'What to watch:')
  ('vo7', 1.08, 3.56, 'the next WHO update, and whether cases')
  ('vo7', 3.56, 5.78, 'appear beyond the seven affected provinces.')
  ('vo7', 6.74, 7.94, 'This is Global Observer.')
